------------------------------------------------------------
TimeQuest Timing Analyzer Summary
------------------------------------------------------------

Type  : Slow 1100mV 85C Model Setup 'clk'
Slack : 0.214
TNS   : 0.000

Type  : Slow 1100mV 85C Model Hold 'clk'
Slack : 0.546
TNS   : 0.000

Type  : Slow 1100mV 85C Model Minimum Pulse Width 'clk'
Slack : 1.234
TNS   : 0.000

Type  : Slow 1100mV 0C Model Setup 'clk'
Slack : 0.284
TNS   : 0.000

Type  : Slow 1100mV 0C Model Hold 'clk'
Slack : 0.538
TNS   : 0.000

Type  : Slow 1100mV 0C Model Minimum Pulse Width 'clk'
Slack : 1.087
TNS   : 0.000

Type  : Fast 1100mV 85C Model Setup 'clk'
Slack : 2.511
TNS   : 0.000

Type  : Fast 1100mV 85C Model Hold 'clk'
Slack : 0.182
TNS   : 0.000

Type  : Fast 1100mV 85C Model Minimum Pulse Width 'clk'
Slack : 1.417
TNS   : 0.000

Type  : Fast 1100mV 0C Model Setup 'clk'
Slack : 2.605
TNS   : 0.000

Type  : Fast 1100mV 0C Model Hold 'clk'
Slack : 0.173
TNS   : 0.000

Type  : Fast 1100mV 0C Model Minimum Pulse Width 'clk'
Slack : 1.417
TNS   : 0.000

------------------------------------------------------------
